../Core/Inc/parameters/encoder_params.hpp:3:8:constexpr EncoderParams::EncoderParams()	16	static
../Core/Src/measurement/encoder_driver.cpp:22:1:EncoderDriver::EncoderDriver(SPI_HandleTypeDef*)	16	static
../Core/Src/measurement/encoder_driver.cpp:28:6:void EncoderDriver::checkAck()	24	static
../Core/Src/measurement/encoder_driver.cpp:47:6:void EncoderDriver::checkAckB()	24	static
../Core/Src/measurement/encoder_driver.cpp:63:6:void EncoderDriver::getStartIndex()	24	static
../Core/Src/measurement/encoder_driver.cpp:75:6:void EncoderDriver::getStartIndexB()	24	static
../Core/Src/measurement/encoder_driver.cpp:88:6:void EncoderDriver::getShift()	24	static
../Core/Src/measurement/encoder_driver.cpp:110:6:void EncoderDriver::getShiftB()	24	static
../Core/Src/measurement/encoder_driver.cpp:133:6:void EncoderDriver::assignData()	24	static
../Core/Src/measurement/encoder_driver.cpp:145:6:void EncoderDriver::assignDataB()	24	static
../Core/Src/measurement/encoder_driver.cpp:158:6:void EncoderDriver::calcPos()	16	static
../Core/Src/measurement/encoder_driver.cpp:166:6:void EncoderDriver::readRequest()	16	static
../Core/Src/measurement/encoder_driver.cpp:180:6:void EncoderDriver::readRequestB()	16	static
../Core/Src/measurement/encoder_driver.cpp:194:10:uint32_t EncoderDriver::readEncoder()	16	static
../Core/Src/measurement/encoder_driver.cpp:217:10:uint32_t EncoderDriver::readEncoderB()	16	static
