C:\ST\STM32CubeIDE_1.13.2\STM32CubeIDE\plugins\com.st.stm32cube.ide.mcu.externaltools.gnu-tools-for-stm32.11.3.rel1.win32_1.1.1.202309131626\tools\bin/../lib/gcc/arm-none-eabi/11.3.1/../../../../arm-none-eabi/include/c++/11.3.1/bits/std_abs.h:56:3:long int std::abs(long int)	16	static
../Core/Inc/control/sin_generator.hpp:20:2:SinGenerator::SinGenerator(float)	16	static
../Core/Inc/control/trajectory_generator.hpp:31:2:TrajectoryGenerator::TrajectoryGenerator(float)	16	static
../Core/Inc/parameters/motion_params.hpp:8:8:constexpr MotionParams::MotionParams()	16	static
../Core/Inc/control/stepper_controller.hpp:37:2:StepperController::StepperController()	16	static
../Core/Inc/control/stepper_controller.hpp:42:7:void StepperController::calcInput(uint32_t, uint32_t)	24	static
../Core/Inc/control/stepper_controller.hpp:91:7:void StepperController::calcInputB(uint32_t, uint32_t)	24	static
../Core/Inc/control/stepper_controller.hpp:127:7:void StepperController::generateSignal()	16	static
../Core/Inc/control/stepper_controller.hpp:145:7:void StepperController::generateSignalB()	16	static
../Core/Inc/control/stepper_controller.hpp:153:7:void StepperController::setDirection()	16	static
../Core/Inc/control/stepper_controller.hpp:162:10:void StepperController::setDirectionB()	16	static
../Core/Src/irq_callbacks.cpp:60:6:void TIM5_IRQHandler()	8	static
../Core/Src/irq_callbacks.cpp:69:6:void TIM4_IRQHandler()	8	static
../Core/Src/irq_callbacks.cpp:79:6:void TIM4_IRQ_Callback()	4	static
../Core/Src/irq_callbacks.cpp:86:6:void TIM5_IRQ_Callback()	16	static
../Core/Src/irq_callbacks.cpp:115:6:void HAL_SPI_RxCpltCallback(SPI_HandleTypeDef*)	16	static
../Core/Src/irq_callbacks.cpp:127:6:void SPI3_IRQHandler()	8	static
../Core/Src/irq_callbacks.cpp:131:6:void SPI2_IRQHandler()	8	static
../Core/Src/irq_callbacks.cpp:135:6:void SPI3_ReceiveCompleteCallback()	8	static
../Core/Src/irq_callbacks.cpp:151:6:void SPI2_ReceiveCompleteCallback()	8	static
../Core/Src/irq_callbacks.cpp:164:1:void __static_initialization_and_destruction_0(int, int)	16	static
../Core/Src/irq_callbacks.cpp:164:1:cpp)	8	static
