../Core/Inc/control/sin_generator.hpp:20:2:SinGenerator::SinGenerator(float)	16	static
../Core/Inc/control/trajectory_generator.hpp:30:2:TrajectoryGenerator::TrajectoryGenerator(float)	16	static
../Core/Inc/parameters/motion_params.hpp:8:8:constexpr MotionParams::MotionParams()	16	static
../Core/Inc/control/stepper_controller.hpp:37:2:StepperController::StepperController()	16	static
../Core/Inc/control/stepper_controller.hpp:91:7:void StepperController::generateSignal()	16	static
../Core/Src/irq_callbacks.cpp:40:6:void TIM5_IRQHandler()	8	static
../Core/Src/irq_callbacks.cpp:49:6:void TIM4_IRQHandler()	8	static
../Core/Src/irq_callbacks.cpp:59:6:void TIM4_IRQ_Callback()	8	static
../Core/Src/irq_callbacks.cpp:79:6:void TIM5_IRQ_Callback()	8	static
../Core/Src/irq_callbacks.cpp:91:6:void HAL_SPI_RxCpltCallback(SPI_HandleTypeDef*)	16	static
../Core/Src/irq_callbacks.cpp:103:6:void SPI3_IRQHandler()	8	static
../Core/Src/irq_callbacks.cpp:107:6:void SPI2_IRQHandler()	8	static
../Core/Src/irq_callbacks.cpp:111:6:void SPI3_ReceiveCompleteCallback()	16	static
../Core/Src/irq_callbacks.cpp:121:6:void SPI2_ReceiveCompleteCallback()	16	static
../Core/Src/irq_callbacks.cpp:129:1:void __static_initialization_and_destruction_0(int, int)	16	static
../Core/Src/irq_callbacks.cpp:129:1:cpp)	8	static
