../Core/Src/main.c:615:6:StartEchoTask	80	static
../Core/Src/main.c:729:6:StartDefaultTask	8	static
../Core/Src/main.c:153:6:push	4	static
../Core/Src/main.c:160:6:clear	0	static
../Core/Src/main.c:164:6:clearError	0	static
../Core/Src/main.c:168:6:pushError	4	static
../Core/Src/main.c:277:6:SystemClock_Config	128	static,ignoring_inline_asm
../Core/Src/main.c:185:5:main	80	static,ignoring_inline_asm
../Core/Src/main.c:827:6:HAL_TIM_PeriodElapsedCallback	0	static
../Core/Src/main.c:844:6:Error_Handler	0	static,ignoring_inline_asm
