../Core/Src/main.c:615:6:StartEchoTask	80	static
../Core/Src/main.c:728:6:StartDefaultTask	8	static
../Core/Src/main.c:152:6:push	4	static
../Core/Src/main.c:159:6:clear	0	static
../Core/Src/main.c:163:6:clearError	0	static
../Core/Src/main.c:167:6:pushError	4	static
../Core/Src/main.c:277:6:SystemClock_Config	128	static,ignoring_inline_asm
../Core/Src/main.c:184:5:main	80	static,ignoring_inline_asm
../Core/Src/main.c:826:6:HAL_TIM_PeriodElapsedCallback	0	static
../Core/Src/main.c:843:6:Error_Handler	0	static,ignoring_inline_asm
